// Jest Snapshot v1, https://goo.gl/fbAQLP

exports[`<ErrorComponent /> renders the ErrorComponent component correctly 1`] = `
<div
  className="justify-content-md-center row"
>
  Not Found
</div>
`;
