// Jest Snapshot v1, https://goo.gl/fbAQLP

exports[`<Loading /> renders the Loading component 1`] = `null`;

exports[`<Loading /> renders the Loading component while loading 1`] = `
<div
  className="justify-content-md-center row"
>
  Loading...
</div>
`;
