// Jest Snapshot v1, https://goo.gl/fbAQLP

exports[`<LoadMore /> renders the LoadMore component correctly 1`] = `
<button
  onClick={[Function]}
>
  Load more
</button>
`;
